[0m17:55:52.659203 [debug] [MainThread]: Sending event: {'category': 'dbt', 'action': 'invocation', 'label': 'start', 'context': [<snowplow_tracker.self_describing_json.SelfDescribingJson object at 0x75a50b5e51f0>, <snowplow_tracker.self_describing_json.SelfDescribingJson object at 0x75a50b15f290>, <snowplow_tracker.self_describing_json.SelfDescribingJson object at 0x75a50ae4ec90>]}


============================== 17:55:52.670533 | 32178432-88bc-4b96-8444-e7ed263ee956 ==============================
[0m17:55:52.670533 [info ] [MainThread]: Running with dbt=1.11.4
[0m17:55:52.671629 [debug] [MainThread]: running dbt with arguments {'printer_width': '80', 'log_path': 'logs', 'warn_error': 'None', 'empty': 'None', 'warn_error_options': 'WarnErrorOptionsV2(error=[], warn=[], silence=[])', 'target_path': 'None', 'indirect_selection': 'eager', 'fail_fast': 'False', 'static_parser': 'True', 'log_format': 'default', 'cache_selected_only': 'False', 'log_cache_events': 'False', 'use_colors': 'True', 'introspect': 'True', 'partial_parse': 'True', 'write_json': 'True', 'invocation_command': 'dbt init', 'use_experimental_parser': 'False', 'debug': 'False', 'version_check': 'True', 'quiet': 'False', 'no_print': 'None', 'profiles_dir': '/home/codespace/.dbt', 'send_anonymous_usage_stats': 'True'}
[0m17:55:52.687785 [info ] [MainThread]: Creating dbt configuration folder at /home/codespace/.dbt
[0m17:56:19.123994 [debug] [MainThread]: Starter project path: /workspaces/Data-Engineering/analytics_engineering/env/lib/python3.12/site-packages/dbt/include/starter_project
[0m17:56:19.137559 [info ] [MainThread]: 
Your new dbt project "zoomcamp_analytics" was created!

For more information on how to configure the profiles.yml file,
please consult the dbt documentation here:

  https://docs.getdbt.com/docs/configure-your-profile

One more thing:

Need help? Don't hesitate to reach out to us via GitHub issues or on Slack:

  https://community.getdbt.com/

Happy modeling!

[0m17:56:19.138291 [info ] [MainThread]: Setting up your profile.
[0m18:05:09.010795 [info ] [MainThread]: Profile zoomcamp_analytics written to /home/codespace/.dbt/profiles.yml using target's profile_template.yml and your supplied values. Run 'dbt debug' to validate the connection.
[0m18:05:09.014974 [debug] [MainThread]: Resource report: {"command_name": "init", "command_success": true, "command_wall_clock_time": 556.4334, "process_in_blocks": "5544", "process_kernel_time": 0.238522, "process_mem_max_rss": "106184", "process_out_blocks": "80", "process_user_time": 1.641156}
[0m18:05:09.015684 [debug] [MainThread]: Command `dbt init` succeeded at 18:05:09.015566 after 556.43 seconds
[0m18:05:09.016885 [debug] [MainThread]: Sending event: {'category': 'dbt', 'action': 'invocation', 'label': 'end', 'context': [<snowplow_tracker.self_describing_json.SelfDescribingJson object at 0x75a50a5f2990>, <snowplow_tracker.self_describing_json.SelfDescribingJson object at 0x75a50a5f2e10>, <snowplow_tracker.self_describing_json.SelfDescribingJson object at 0x75a50ae28890>]}
[0m18:05:09.018626 [debug] [MainThread]: Flushing usage events
[0m18:05:09.390170 [debug] [MainThread]: An error was encountered while trying to flush usage events
[0m18:07:02.861819 [debug] [MainThread]: Sending event: {'category': 'dbt', 'action': 'invocation', 'label': 'start', 'context': [<snowplow_tracker.self_describing_json.SelfDescribingJson object at 0x75d6d6c04fb0>, <snowplow_tracker.self_describing_json.SelfDescribingJson object at 0x75d6d590f830>, <snowplow_tracker.self_describing_json.SelfDescribingJson object at 0x75d6d6ce8e60>]}


============================== 18:07:02.868390 | 623edf7e-68a0-48ff-956b-92147df2736f ==============================
[0m18:07:02.868390 [info ] [MainThread]: Running with dbt=1.11.4
[0m18:07:02.870135 [debug] [MainThread]: running dbt with arguments {'quiet': 'False', 'target_path': 'None', 'use_experimental_parser': 'False', 'static_parser': 'True', 'use_colors': 'True', 'log_format': 'default', 'profiles_dir': '/home/codespace/.dbt', 'fail_fast': 'False', 'write_json': 'True', 'invocation_command': 'dbt debug', 'version_check': 'True', 'introspect': 'True', 'debug': 'False', 'cache_selected_only': 'False', 'partial_parse': 'True', 'warn_error': 'None', 'no_print': 'None', 'log_path': 'logs', 'indirect_selection': 'eager', 'send_anonymous_usage_stats': 'True', 'warn_error_options': 'WarnErrorOptionsV2(error=[], warn=[], silence=[])', 'empty': 'None', 'log_cache_events': 'False', 'printer_width': '80'}
[0m18:07:02.895581 [info ] [MainThread]: dbt version: 1.11.4
[0m18:07:02.897343 [info ] [MainThread]: python version: 3.12.1
[0m18:07:02.898658 [info ] [MainThread]: python path: /workspaces/Data-Engineering/analytics_engineering/env/bin/python
[0m18:07:02.899903 [info ] [MainThread]: os info: Linux-6.8.0-1044-azure-x86_64-with-glibc2.39
[0m18:07:03.005602 [info ] [MainThread]: Using profiles dir at /home/codespace/.dbt
[0m18:07:03.006983 [info ] [MainThread]: Using profiles.yml file at /home/codespace/.dbt/profiles.yml
[0m18:07:03.008026 [info ] [MainThread]: Using dbt_project.yml file at /workspaces/Data-Engineering/analytics_engineering/dbt_project.yml
[0m18:07:03.009308 [info ] [MainThread]: adapter type: postgres
[0m18:07:03.010321 [info ] [MainThread]: adapter version: 1.10.0
[0m18:07:03.011251 [info ] [MainThread]: Configuration:
[0m18:07:03.012782 [info ] [MainThread]:   profiles.yml file [[32mOK found and valid[0m]
[0m18:07:03.014190 [info ] [MainThread]:   dbt_project.yml file [[31mERROR not found[0m]
[0m18:07:03.015551 [info ] [MainThread]: Required dependencies:
[0m18:07:03.016571 [debug] [MainThread]: Executing "git --help"
[0m18:07:03.024769 [debug] [MainThread]: STDOUT: "b"usage: git [-v | --version] [-h | --help] [-C <path>] [-c <name>=<value>]\n           [--exec-path[=<path>]] [--html-path] [--man-path] [--info-path]\n           [-p | --paginate | -P | --no-pager] [--no-replace-objects] [--no-lazy-fetch]\n           [--no-optional-locks] [--no-advice] [--bare] [--git-dir=<path>]\n           [--work-tree=<path>] [--namespace=<name>] [--config-env=<name>=<envvar>]\n           <command> [<args>]\n\nThese are common Git commands used in various situations:\n\nstart a working area (see also: git help tutorial)\n   clone      Clone a repository into a new directory\n   init       Create an empty Git repository or reinitialize an existing one\n\nwork on the current change (see also: git help everyday)\n   add        Add file contents to the index\n   mv         Move or rename a file, a directory, or a symlink\n   restore    Restore working tree files\n   rm         Remove files from the working tree and from the index\n\nexamine the history and state (see also: git help revisions)\n   bisect     Use binary search to find the commit that introduced a bug\n   diff       Show changes between commits, commit and working tree, etc\n   grep       Print lines matching a pattern\n   log        Show commit logs\n   show       Show various types of objects\n   status     Show the working tree status\n\ngrow, mark and tweak your common history\n   backfill   Download missing objects in a partial clone\n   branch     List, create, or delete branches\n   commit     Record changes to the repository\n   merge      Join two or more development histories together\n   rebase     Reapply commits on top of another base tip\n   reset      Reset current HEAD to the specified state\n   switch     Switch branches\n   tag        Create, list, delete or verify tags\n\ncollaborate (see also: git help workflows)\n   fetch      Download objects and refs from another repository\n   pull       Fetch from and integrate with another repository or a local branch\n   push       Update remote refs along with associated objects\n\n'git help -a' and 'git help -g' list available subcommands and some\nconcept guides. See 'git help <command>' or 'git help <concept>'\nto read about a specific subcommand or concept.\nSee 'git help git' for an overview of the system.\n""
[0m18:07:03.025734 [debug] [MainThread]: STDERR: "b''"
[0m18:07:03.026415 [info ] [MainThread]:  - git [[32mOK found[0m]

[0m18:07:03.027375 [info ] [MainThread]: Connection:
[0m18:07:03.028248 [info ] [MainThread]:   host: localhost
[0m18:07:03.029061 [info ] [MainThread]:   port: 5432
[0m18:07:03.030448 [info ] [MainThread]:   user: user
[0m18:07:03.031308 [info ] [MainThread]:   database: production
[0m18:07:03.033910 [info ] [MainThread]:   schema: dbt_victoria_mola
[0m18:07:03.036460 [info ] [MainThread]:   connect_timeout: 10
[0m18:07:03.038604 [info ] [MainThread]:   role: None
[0m18:07:03.039304 [info ] [MainThread]:   search_path: None
[0m18:07:03.039979 [info ] [MainThread]:   keepalives_idle: 0
[0m18:07:03.041200 [info ] [MainThread]:   sslmode: None
[0m18:07:03.043273 [info ] [MainThread]:   sslcert: None
[0m18:07:03.044194 [info ] [MainThread]:   sslkey: None
[0m18:07:03.045148 [info ] [MainThread]:   sslrootcert: None
[0m18:07:03.046145 [info ] [MainThread]:   application_name: dbt
[0m18:07:03.047049 [info ] [MainThread]:   retries: 1
[0m18:07:03.048186 [info ] [MainThread]: Registered adapter: postgres=1.10.0
[0m18:07:03.215409 [debug] [MainThread]: Acquiring new postgres connection 'debug'
[0m18:07:03.241504 [debug] [MainThread]: Using postgres connection "debug"
[0m18:07:03.242155 [debug] [MainThread]: On debug: select 1 as id
[0m18:07:03.242655 [debug] [MainThread]: Opening a new connection, currently in state init
[0m18:07:03.245049 [debug] [MainThread]: Postgres adapter: Got a retryable error when attempting to open a postgres connection.
1 attempts remaining. Retrying in 0 seconds.
Error:
connection to server at "localhost" (::1), port 5432 failed: Connection refused
	Is the server running on that host and accepting TCP/IP connections?
connection to server at "localhost" (127.0.0.1), port 5432 failed: Connection refused
	Is the server running on that host and accepting TCP/IP connections?

[0m18:07:03.246282 [debug] [MainThread]: Postgres adapter: Error running SQL: select 1 as id
[0m18:07:03.246767 [debug] [MainThread]: Postgres adapter: Rolling back transaction.
[0m18:07:03.247291 [debug] [MainThread]: On debug: No close available on handle
[0m18:07:03.247759 [info ] [MainThread]:   Connection test: [[31mERROR[0m]

[0m18:07:03.248388 [info ] [MainThread]: [31m2 checks failed:[0m
[0m18:07:03.248907 [info ] [MainThread]: Project loading failed for the following reason:
 project path </workspaces/Data-Engineering/analytics_engineering/dbt_project.yml> not found

[0m18:07:03.249492 [info ] [MainThread]: dbt was unable to connect to the specified database.
The database returned the following error:

  >Database Error
  connection to server at "localhost" (::1), port 5432 failed: Connection refused
  	Is the server running on that host and accepting TCP/IP connections?
  connection to server at "localhost" (127.0.0.1), port 5432 failed: Connection refused
  	Is the server running on that host and accepting TCP/IP connections?
  

Check your database credentials and try again. For more information, visit:
https://docs.getdbt.com/docs/configure-your-profile


[0m18:07:03.250796 [debug] [MainThread]: Resource report: {"command_name": "debug", "command_success": false, "command_wall_clock_time": 0.5076072, "process_in_blocks": "392", "process_kernel_time": 0.339525, "process_mem_max_rss": "112788", "process_out_blocks": "32", "process_user_time": 1.787442}
[0m18:07:03.251472 [debug] [MainThread]: Command `dbt debug` failed at 18:07:03.251357 after 0.51 seconds
[0m18:07:03.251943 [debug] [MainThread]: Connection 'debug' was properly closed.
[0m18:07:03.252476 [debug] [MainThread]: Sending event: {'category': 'dbt', 'action': 'invocation', 'label': 'end', 'context': [<snowplow_tracker.self_describing_json.SelfDescribingJson object at 0x75d6d4a31190>, <snowplow_tracker.self_describing_json.SelfDescribingJson object at 0x75d6d495eff0>, <snowplow_tracker.self_describing_json.SelfDescribingJson object at 0x75d6d564f890>]}
[0m18:07:03.253040 [debug] [MainThread]: Flushing usage events
[0m18:07:03.615540 [debug] [MainThread]: An error was encountered while trying to flush usage events
[0m19:36:03.374774 [debug] [MainThread]: Sending event: {'category': 'dbt', 'action': 'invocation', 'label': 'start', 'context': [<snowplow_tracker.self_describing_json.SelfDescribingJson object at 0x7c68ca2ce240>, <snowplow_tracker.self_describing_json.SelfDescribingJson object at 0x7c68ca3cb560>, <snowplow_tracker.self_describing_json.SelfDescribingJson object at 0x7c68cbc80380>]}


============================== 19:36:03.385323 | 1f65bca5-48cc-4285-8aa6-a9ef46995fa6 ==============================
[0m19:36:03.385323 [info ] [MainThread]: Running with dbt=1.11.4
[0m19:36:03.386430 [debug] [MainThread]: running dbt with arguments {'printer_width': '80', 'static_parser': 'True', 'indirect_selection': 'eager', 'debug': 'False', 'invocation_command': 'dbt init', 'write_json': 'True', 'version_check': 'True', 'cache_selected_only': 'False', 'warn_error': 'None', 'log_path': 'logs', 'partial_parse': 'True', 'log_format': 'default', 'send_anonymous_usage_stats': 'True', 'log_cache_events': 'False', 'use_experimental_parser': 'False', 'target_path': 'None', 'profiles_dir': '/home/codespace/.dbt', 'introspect': 'True', 'quiet': 'False', 'use_colors': 'True', 'no_print': 'None', 'empty': 'None', 'fail_fast': 'False', 'warn_error_options': 'WarnErrorOptionsV2(error=[], warn=[], silence=[])'}
[0m19:36:38.925900 [debug] [MainThread]: Starter project path: /workspaces/Data-Engineering/analytics_engineering/env/lib/python3.12/site-packages/dbt/include/starter_project
[0m19:36:38.940000 [info ] [MainThread]: 
Your new dbt project "taxi_rides_ny" was created!

For more information on how to configure the profiles.yml file,
please consult the dbt documentation here:

  https://docs.getdbt.com/docs/configure-your-profile

One more thing:

Need help? Don't hesitate to reach out to us via GitHub issues or on Slack:

  https://community.getdbt.com/

Happy modeling!

[0m19:36:38.940995 [info ] [MainThread]: Setting up your profile.
[0m19:38:23.982359 [info ] [MainThread]: Profile taxi_rides_ny written to /home/codespace/.dbt/profiles.yml using target's profile_template.yml and your supplied values. Run 'dbt debug' to validate the connection.
[0m19:38:23.983676 [debug] [MainThread]: Resource report: {"command_name": "init", "command_success": true, "command_wall_clock_time": 140.67879, "process_in_blocks": "122248", "process_kernel_time": 3.160343, "process_mem_max_rss": "376800", "process_out_blocks": "96", "process_user_time": 6.981739}
[0m19:38:23.984687 [debug] [MainThread]: Command `dbt init` succeeded at 19:38:23.984484 after 140.68 seconds
[0m19:38:23.985551 [debug] [MainThread]: Sending event: {'category': 'dbt', 'action': 'invocation', 'label': 'end', 'context': [<snowplow_tracker.self_describing_json.SelfDescribingJson object at 0x7c68c9a2c1a0>, <snowplow_tracker.self_describing_json.SelfDescribingJson object at 0x7c68ac73e0f0>, <snowplow_tracker.self_describing_json.SelfDescribingJson object at 0x7c68ac43b050>]}
[0m19:38:23.986464 [debug] [MainThread]: Flushing usage events
[0m19:38:24.349142 [debug] [MainThread]: An error was encountered while trying to flush usage events
[0m19:41:33.015841 [debug] [MainThread]: Sending event: {'category': 'dbt', 'action': 'invocation', 'label': 'start', 'context': [<snowplow_tracker.self_describing_json.SelfDescribingJson object at 0x70172f2e5bb0>, <snowplow_tracker.self_describing_json.SelfDescribingJson object at 0x70172f675250>, <snowplow_tracker.self_describing_json.SelfDescribingJson object at 0x70172eb0f0b0>]}


============================== 19:41:33.023862 | 3ccf036a-8b69-44b9-bef6-31bfeb2284fb ==============================
[0m19:41:33.023862 [info ] [MainThread]: Running with dbt=1.11.4
[0m19:41:33.025095 [debug] [MainThread]: running dbt with arguments {'invocation_command': 'dbt debug', 'send_anonymous_usage_stats': 'True', 'target_path': 'None', 'static_parser': 'True', 'debug': 'False', 'partial_parse': 'True', 'quiet': 'False', 'write_json': 'True', 'use_colors': 'True', 'no_print': 'None', 'profiles_dir': '/home/codespace/.dbt', 'cache_selected_only': 'False', 'log_cache_events': 'False', 'version_check': 'True', 'printer_width': '80', 'fail_fast': 'False', 'use_experimental_parser': 'False', 'empty': 'None', 'indirect_selection': 'eager', 'log_path': 'logs', 'warn_error': 'None', 'introspect': 'True', 'warn_error_options': 'WarnErrorOptionsV2(error=[], warn=[], silence=[])', 'log_format': 'default'}
[0m19:41:33.039691 [info ] [MainThread]: dbt version: 1.11.4
[0m19:41:33.040514 [info ] [MainThread]: python version: 3.12.1
[0m19:41:33.041351 [info ] [MainThread]: python path: /workspaces/Data-Engineering/analytics_engineering/env/bin/python
[0m19:41:33.042358 [info ] [MainThread]: os info: Linux-6.8.0-1044-azure-x86_64-with-glibc2.39
[0m19:41:45.362974 [info ] [MainThread]: Using profiles dir at /home/codespace/.dbt
[0m19:41:45.363789 [info ] [MainThread]: Using profiles.yml file at /home/codespace/.dbt/profiles.yml
[0m19:41:45.364356 [info ] [MainThread]: Using dbt_project.yml file at /workspaces/Data-Engineering/analytics_engineering/dbt_project.yml
[0m19:41:45.365109 [error] [MainThread]: Encountered an error:
Internal Error
  Profile should not be None if loading profile completed
[0m19:41:45.365945 [debug] [MainThread]: Resource report: {"command_name": "debug", "command_success": false, "command_wall_clock_time": 12.4153805, "process_in_blocks": "65680", "process_kernel_time": 4.710419, "process_mem_max_rss": "382092", "process_out_blocks": "16", "process_user_time": 7.391479}
[0m19:41:45.366770 [debug] [MainThread]: Command `dbt debug` failed at 19:41:45.366651 after 12.42 seconds
[0m19:41:45.367314 [debug] [MainThread]: Sending event: {'category': 'dbt', 'action': 'invocation', 'label': 'end', 'context': [<snowplow_tracker.self_describing_json.SelfDescribingJson object at 0x70172f2e5bb0>, <snowplow_tracker.self_describing_json.SelfDescribingJson object at 0x70172e452990>, <snowplow_tracker.self_describing_json.SelfDescribingJson object at 0x701711098d40>]}
[0m19:41:45.367905 [debug] [MainThread]: Flushing usage events
[0m19:41:45.719308 [debug] [MainThread]: An error was encountered while trying to flush usage events
[0m19:46:58.402796 [debug] [MainThread]: Sending event: {'category': 'dbt', 'action': 'invocation', 'label': 'start', 'context': [<snowplow_tracker.self_describing_json.SelfDescribingJson object at 0x7c6ad4fa5e20>, <snowplow_tracker.self_describing_json.SelfDescribingJson object at 0x7c6ad4c788c0>, <snowplow_tracker.self_describing_json.SelfDescribingJson object at 0x7c6ad3fa7da0>]}


============================== 19:46:58.408245 | b1ad5dda-30be-4270-88e7-ff784d850889 ==============================
[0m19:46:58.408245 [info ] [MainThread]: Running with dbt=1.11.4
[0m19:46:58.409358 [debug] [MainThread]: running dbt with arguments {'debug': 'False', 'log_format': 'default', 'static_parser': 'True', 'target_path': 'None', 'version_check': 'True', 'quiet': 'False', 'partial_parse': 'True', 'printer_width': '80', 'log_path': 'logs', 'no_print': 'None', 'fail_fast': 'False', 'introspect': 'True', 'log_cache_events': 'False', 'indirect_selection': 'eager', 'use_colors': 'True', 'write_json': 'True', 'use_experimental_parser': 'False', 'invocation_command': 'dbt debug --config-dir', 'cache_selected_only': 'False', 'warn_error': 'None', 'warn_error_options': 'WarnErrorOptionsV2(error=[], warn=[], silence=[])', 'send_anonymous_usage_stats': 'True', 'profiles_dir': '/home/codespace/.dbt', 'empty': 'None'}
[0m19:46:58.422759 [info ] [MainThread]: To view your profiles.yml file, run:

xdg-open /home/codespace/.dbt
[0m19:46:58.424348 [debug] [MainThread]: Resource report: {"command_name": "debug", "command_success": true, "command_wall_clock_time": 0.08701887, "process_in_blocks": "0", "process_kernel_time": 0.210694, "process_mem_max_rss": "101572", "process_out_blocks": "8", "process_user_time": 1.521349}
[0m19:46:58.425292 [debug] [MainThread]: Command `dbt debug` succeeded at 19:46:58.425130 after 0.09 seconds
[0m19:46:58.426085 [debug] [MainThread]: Sending event: {'category': 'dbt', 'action': 'invocation', 'label': 'end', 'context': [<snowplow_tracker.self_describing_json.SelfDescribingJson object at 0x7c6ad4fa5e20>, <snowplow_tracker.self_describing_json.SelfDescribingJson object at 0x7c6ad3f17ef0>, <snowplow_tracker.self_describing_json.SelfDescribingJson object at 0x7c6ad46c7860>]}
[0m19:46:58.426938 [debug] [MainThread]: Flushing usage events
[0m19:46:58.769216 [debug] [MainThread]: An error was encountered while trying to flush usage events
[0m19:59:38.286627 [debug] [MainThread]: Sending event: {'category': 'dbt', 'action': 'invocation', 'label': 'start', 'context': [<snowplow_tracker.self_describing_json.SelfDescribingJson object at 0x7507e3558410>, <snowplow_tracker.self_describing_json.SelfDescribingJson object at 0x7507e1335e50>, <snowplow_tracker.self_describing_json.SelfDescribingJson object at 0x7507e3f57aa0>]}


============================== 19:59:38.292471 | 68d79e71-52ed-413d-afb1-30241c703e90 ==============================
[0m19:59:38.292471 [info ] [MainThread]: Running with dbt=1.11.4
[0m19:59:38.293571 [debug] [MainThread]: running dbt with arguments {'log_cache_events': 'False', 'partial_parse': 'True', 'indirect_selection': 'eager', 'warn_error': 'None', 'debug': 'False', 'empty': 'None', 'target_path': 'None', 'log_path': 'logs', 'invocation_command': 'dbt debug', 'no_print': 'None', 'warn_error_options': 'WarnErrorOptionsV2(error=[], warn=[], silence=[])', 'send_anonymous_usage_stats': 'True', 'quiet': 'False', 'printer_width': '80', 'log_format': 'default', 'write_json': 'True', 'version_check': 'True', 'use_colors': 'True', 'profiles_dir': '/home/codespace/.dbt', 'use_experimental_parser': 'False', 'introspect': 'True', 'cache_selected_only': 'False', 'fail_fast': 'False', 'static_parser': 'True'}
[0m19:59:38.322814 [info ] [MainThread]: dbt version: 1.11.4
[0m19:59:38.324974 [info ] [MainThread]: python version: 3.12.1
[0m19:59:38.330234 [info ] [MainThread]: python path: /workspaces/Data-Engineering/analytics_engineering/env/bin/python
[0m19:59:38.333221 [info ] [MainThread]: os info: Linux-6.8.0-1044-azure-x86_64-with-glibc2.39
[0m20:00:01.398848 [info ] [MainThread]: Using profiles dir at /home/codespace/.dbt
[0m20:00:01.400229 [info ] [MainThread]: Using profiles.yml file at /home/codespace/.dbt/profiles.yml
[0m20:00:01.401201 [info ] [MainThread]: Using dbt_project.yml file at /workspaces/Data-Engineering/analytics_engineering/dbt_project.yml
[0m20:00:01.402056 [info ] [MainThread]: adapter type: bigquery
[0m20:00:01.402909 [info ] [MainThread]: adapter version: 1.11.0
[0m20:00:01.403773 [info ] [MainThread]: Configuration:
[0m20:00:01.404556 [info ] [MainThread]:   profiles.yml file [[32mOK found and valid[0m]
[0m20:00:01.405803 [info ] [MainThread]:   dbt_project.yml file [[31mERROR not found[0m]
[0m20:00:01.408852 [info ] [MainThread]: Required dependencies:
[0m20:00:01.409725 [debug] [MainThread]: Executing "git --help"
[0m20:00:01.420893 [debug] [MainThread]: STDOUT: "b"usage: git [-v | --version] [-h | --help] [-C <path>] [-c <name>=<value>]\n           [--exec-path[=<path>]] [--html-path] [--man-path] [--info-path]\n           [-p | --paginate | -P | --no-pager] [--no-replace-objects] [--no-lazy-fetch]\n           [--no-optional-locks] [--no-advice] [--bare] [--git-dir=<path>]\n           [--work-tree=<path>] [--namespace=<name>] [--config-env=<name>=<envvar>]\n           <command> [<args>]\n\nThese are common Git commands used in various situations:\n\nstart a working area (see also: git help tutorial)\n   clone      Clone a repository into a new directory\n   init       Create an empty Git repository or reinitialize an existing one\n\nwork on the current change (see also: git help everyday)\n   add        Add file contents to the index\n   mv         Move or rename a file, a directory, or a symlink\n   restore    Restore working tree files\n   rm         Remove files from the working tree and from the index\n\nexamine the history and state (see also: git help revisions)\n   bisect     Use binary search to find the commit that introduced a bug\n   diff       Show changes between commits, commit and working tree, etc\n   grep       Print lines matching a pattern\n   log        Show commit logs\n   show       Show various types of objects\n   status     Show the working tree status\n\ngrow, mark and tweak your common history\n   backfill   Download missing objects in a partial clone\n   branch     List, create, or delete branches\n   commit     Record changes to the repository\n   merge      Join two or more development histories together\n   rebase     Reapply commits on top of another base tip\n   reset      Reset current HEAD to the specified state\n   switch     Switch branches\n   tag        Create, list, delete or verify tags\n\ncollaborate (see also: git help workflows)\n   fetch      Download objects and refs from another repository\n   pull       Fetch from and integrate with another repository or a local branch\n   push       Update remote refs along with associated objects\n\n'git help -a' and 'git help -g' list available subcommands and some\nconcept guides. See 'git help <command>' or 'git help <concept>'\nto read about a specific subcommand or concept.\nSee 'git help git' for an overview of the system.\n""
[0m20:00:01.424728 [debug] [MainThread]: STDERR: "b''"
[0m20:00:01.425437 [info ] [MainThread]:  - git [[32mOK found[0m]

[0m20:00:01.426374 [info ] [MainThread]: Connection:
[0m20:00:01.428104 [info ] [MainThread]:   method: oauth
[0m20:00:01.428954 [info ] [MainThread]:   database: vital-plating-485118-d8
[0m20:00:01.430106 [info ] [MainThread]:   execution_project: vital-plating-485118-d8
[0m20:00:01.433929 [info ] [MainThread]:   schema: zoomcamp
[0m20:00:01.435995 [info ] [MainThread]:   location: US
[0m20:00:01.437546 [info ] [MainThread]:   priority: interactive
[0m20:00:01.441141 [info ] [MainThread]:   maximum_bytes_billed: None
[0m20:00:01.442144 [info ] [MainThread]:   impersonate_service_account: None
[0m20:00:01.444832 [info ] [MainThread]:   job_retry_deadline_seconds: None
[0m20:00:01.445785 [info ] [MainThread]:   job_retries: 1
[0m20:00:01.448944 [info ] [MainThread]:   job_creation_timeout_seconds: None
[0m20:00:01.450875 [info ] [MainThread]:   job_execution_timeout_seconds: 300
[0m20:00:01.451736 [info ] [MainThread]:   timeout_seconds: 300
[0m20:00:01.454158 [info ] [MainThread]:   client_id: None
[0m20:00:01.458035 [info ] [MainThread]:   token_uri: None
[0m20:00:01.463168 [info ] [MainThread]:   compute_region: None
[0m20:00:01.466040 [info ] [MainThread]:   dataproc_cluster_name: None
[0m20:00:01.470961 [info ] [MainThread]:   gcs_bucket: None
[0m20:00:01.477413 [info ] [MainThread]:   dataproc_batch: None
[0m20:00:01.483097 [info ] [MainThread]: Registered adapter: bigquery=1.11.0
[0m20:00:02.346316 [debug] [MainThread]: Acquiring new bigquery connection 'debug'
[0m20:00:02.347403 [debug] [MainThread]: On debug: select 1 as id
[0m20:00:02.348180 [debug] [MainThread]: Opening a new connection, currently in state init
[0m20:00:02.365292 [debug] [MainThread]: BigQuery adapter: Got an error when attempting to create a bigquery " "client: 'Runtime Error
  Failed to authenticate with supplied credentials
  error:
  Your default credentials were not found. To set up Application Default Credentials, see https://cloud.google.com/docs/authentication/external/set-up-adc for more information.'
[0m20:00:02.366265 [debug] [MainThread]: BigQuery adapter: Unhandled error while running:
select 1 as id
[0m20:00:02.367130 [debug] [MainThread]: BigQuery adapter: Database Error
  Runtime Error
    Failed to authenticate with supplied credentials
    error:
    Your default credentials were not found. To set up Application Default Credentials, see https://cloud.google.com/docs/authentication/external/set-up-adc for more information.
[0m20:00:02.367904 [info ] [MainThread]:   Connection test: [[31mERROR[0m]

[0m20:00:02.368987 [info ] [MainThread]: [31m2 checks failed:[0m
[0m20:00:02.369816 [info ] [MainThread]: Project loading failed for the following reason:
 project path </workspaces/Data-Engineering/analytics_engineering/dbt_project.yml> not found

[0m20:00:02.370773 [info ] [MainThread]: dbt was unable to connect to the specified database.
The database returned the following error:

  >'NoneType' object has no attribute 'close'

Check your database credentials and try again. For more information, visit:
https://docs.getdbt.com/docs/configure-your-profile


[0m20:00:02.372045 [debug] [MainThread]: Resource report: {"command_name": "debug", "command_success": false, "command_wall_clock_time": 24.180225, "process_in_blocks": "118864", "process_kernel_time": 6.57915, "process_mem_max_rss": "378756", "process_out_blocks": "24", "process_user_time": 10.709709}
[0m20:00:02.373196 [debug] [MainThread]: Command `dbt debug` failed at 20:00:02.373059 after 24.18 seconds
[0m20:00:02.374188 [debug] [MainThread]: Sending event: {'category': 'dbt', 'action': 'invocation', 'label': 'end', 'context': [<snowplow_tracker.self_describing_json.SelfDescribingJson object at 0x7507e2461d60>, <snowplow_tracker.self_describing_json.SelfDescribingJson object at 0x7507c3e340b0>, <snowplow_tracker.self_describing_json.SelfDescribingJson object at 0x7507c3e373e0>]}
[0m20:00:02.375289 [debug] [MainThread]: Flushing usage events
[0m20:00:02.787694 [debug] [MainThread]: An error was encountered while trying to flush usage events
[0m20:06:17.072732 [debug] [MainThread]: Sending event: {'category': 'dbt', 'action': 'invocation', 'label': 'start', 'context': [<snowplow_tracker.self_describing_json.SelfDescribingJson object at 0x77e567abfb00>, <snowplow_tracker.self_describing_json.SelfDescribingJson object at 0x77e56810ad20>, <snowplow_tracker.self_describing_json.SelfDescribingJson object at 0x77e56810bb60>]}


============================== 20:06:17.083374 | 3b8747e4-3467-49f6-96ec-09e3d06b59a0 ==============================
[0m20:06:17.083374 [info ] [MainThread]: Running with dbt=1.11.4
[0m20:06:17.084924 [debug] [MainThread]: running dbt with arguments {'indirect_selection': 'eager', 'debug': 'False', 'target_path': 'None', 'introspect': 'True', 'cache_selected_only': 'False', 'version_check': 'True', 'use_colors': 'True', 'warn_error': 'None', 'log_path': 'logs', 'fail_fast': 'False', 'no_print': 'None', 'send_anonymous_usage_stats': 'True', 'use_experimental_parser': 'False', 'profiles_dir': '/home/codespace/.dbt', 'static_parser': 'True', 'log_cache_events': 'False', 'write_json': 'True', 'printer_width': '80', 'invocation_command': 'dbt debug', 'quiet': 'False', 'empty': 'None', 'partial_parse': 'True', 'log_format': 'default', 'warn_error_options': 'WarnErrorOptionsV2(error=[], warn=[], silence=[])'}
[0m20:06:17.106955 [info ] [MainThread]: dbt version: 1.11.4
[0m20:06:17.107817 [info ] [MainThread]: python version: 3.12.1
[0m20:06:17.108946 [info ] [MainThread]: python path: /workspaces/Data-Engineering/analytics_engineering/env/bin/python
[0m20:06:17.110031 [info ] [MainThread]: os info: Linux-6.8.0-1044-azure-x86_64-with-glibc2.39
[0m20:06:30.968078 [info ] [MainThread]: Using profiles dir at /home/codespace/.dbt
[0m20:06:30.968914 [info ] [MainThread]: Using profiles.yml file at /home/codespace/.dbt/profiles.yml
[0m20:06:30.969558 [info ] [MainThread]: Using dbt_project.yml file at /workspaces/Data-Engineering/analytics_engineering/dbt_project.yml
[0m20:06:30.970153 [info ] [MainThread]: adapter type: bigquery
[0m20:06:30.970730 [info ] [MainThread]: adapter version: 1.11.0
[0m20:06:30.971305 [info ] [MainThread]: Configuration:
[0m20:06:30.971864 [info ] [MainThread]:   profiles.yml file [[32mOK found and valid[0m]
[0m20:06:30.972412 [info ] [MainThread]:   dbt_project.yml file [[31mERROR not found[0m]
[0m20:06:30.972984 [info ] [MainThread]: Required dependencies:
[0m20:06:30.973552 [debug] [MainThread]: Executing "git --help"
[0m20:06:30.977975 [debug] [MainThread]: STDOUT: "b"usage: git [-v | --version] [-h | --help] [-C <path>] [-c <name>=<value>]\n           [--exec-path[=<path>]] [--html-path] [--man-path] [--info-path]\n           [-p | --paginate | -P | --no-pager] [--no-replace-objects] [--no-lazy-fetch]\n           [--no-optional-locks] [--no-advice] [--bare] [--git-dir=<path>]\n           [--work-tree=<path>] [--namespace=<name>] [--config-env=<name>=<envvar>]\n           <command> [<args>]\n\nThese are common Git commands used in various situations:\n\nstart a working area (see also: git help tutorial)\n   clone      Clone a repository into a new directory\n   init       Create an empty Git repository or reinitialize an existing one\n\nwork on the current change (see also: git help everyday)\n   add        Add file contents to the index\n   mv         Move or rename a file, a directory, or a symlink\n   restore    Restore working tree files\n   rm         Remove files from the working tree and from the index\n\nexamine the history and state (see also: git help revisions)\n   bisect     Use binary search to find the commit that introduced a bug\n   diff       Show changes between commits, commit and working tree, etc\n   grep       Print lines matching a pattern\n   log        Show commit logs\n   show       Show various types of objects\n   status     Show the working tree status\n\ngrow, mark and tweak your common history\n   backfill   Download missing objects in a partial clone\n   branch     List, create, or delete branches\n   commit     Record changes to the repository\n   merge      Join two or more development histories together\n   rebase     Reapply commits on top of another base tip\n   reset      Reset current HEAD to the specified state\n   switch     Switch branches\n   tag        Create, list, delete or verify tags\n\ncollaborate (see also: git help workflows)\n   fetch      Download objects and refs from another repository\n   pull       Fetch from and integrate with another repository or a local branch\n   push       Update remote refs along with associated objects\n\n'git help -a' and 'git help -g' list available subcommands and some\nconcept guides. See 'git help <command>' or 'git help <concept>'\nto read about a specific subcommand or concept.\nSee 'git help git' for an overview of the system.\n""
[0m20:06:30.978947 [debug] [MainThread]: STDERR: "b''"
[0m20:06:30.979575 [info ] [MainThread]:  - git [[32mOK found[0m]

[0m20:06:30.980366 [info ] [MainThread]: Connection:
[0m20:06:30.981147 [info ] [MainThread]:   method: oauth
[0m20:06:30.981917 [info ] [MainThread]:   database: vital-plating-485118-d8
[0m20:06:30.982703 [info ] [MainThread]:   execution_project: vital-plating-485118-d8
[0m20:06:30.983552 [info ] [MainThread]:   schema: zoomcamp
[0m20:06:30.984739 [info ] [MainThread]:   location: US
[0m20:06:30.985418 [info ] [MainThread]:   priority: interactive
[0m20:06:30.986277 [info ] [MainThread]:   maximum_bytes_billed: None
[0m20:06:30.987007 [info ] [MainThread]:   impersonate_service_account: None
[0m20:06:30.987709 [info ] [MainThread]:   job_retry_deadline_seconds: None
[0m20:06:30.988445 [info ] [MainThread]:   job_retries: 1
[0m20:06:30.989165 [info ] [MainThread]:   job_creation_timeout_seconds: None
[0m20:06:30.990150 [info ] [MainThread]:   job_execution_timeout_seconds: 300
[0m20:06:30.990948 [info ] [MainThread]:   timeout_seconds: 300
[0m20:06:30.991706 [info ] [MainThread]:   client_id: None
[0m20:06:30.992520 [info ] [MainThread]:   token_uri: None
[0m20:06:30.993327 [info ] [MainThread]:   compute_region: None
[0m20:06:30.994076 [info ] [MainThread]:   dataproc_cluster_name: None
[0m20:06:30.994977 [info ] [MainThread]:   gcs_bucket: None
[0m20:06:30.995829 [info ] [MainThread]:   dataproc_batch: None
[0m20:06:30.996840 [info ] [MainThread]: Registered adapter: bigquery=1.11.0
[0m20:06:31.386092 [debug] [MainThread]: Acquiring new bigquery connection 'debug'
[0m20:06:31.386952 [debug] [MainThread]: On debug: select 1 as id
[0m20:06:31.387645 [debug] [MainThread]: Opening a new connection, currently in state init
[0m20:06:31.394788 [debug] [MainThread]: BigQuery adapter: Got an error when attempting to create a bigquery " "client: 'Runtime Error
  Failed to authenticate with supplied credentials
  error:
  Your default credentials were not found. To set up Application Default Credentials, see https://cloud.google.com/docs/authentication/external/set-up-adc for more information.'
[0m20:06:31.395763 [debug] [MainThread]: BigQuery adapter: Unhandled error while running:
select 1 as id
[0m20:06:31.396504 [debug] [MainThread]: BigQuery adapter: Database Error
  Runtime Error
    Failed to authenticate with supplied credentials
    error:
    Your default credentials were not found. To set up Application Default Credentials, see https://cloud.google.com/docs/authentication/external/set-up-adc for more information.
[0m20:06:31.397267 [info ] [MainThread]:   Connection test: [[31mERROR[0m]

[0m20:06:31.398036 [info ] [MainThread]: [31m2 checks failed:[0m
[0m20:06:31.398701 [info ] [MainThread]: Project loading failed for the following reason:
 project path </workspaces/Data-Engineering/analytics_engineering/dbt_project.yml> not found

[0m20:06:31.399337 [info ] [MainThread]: dbt was unable to connect to the specified database.
The database returned the following error:

  >'NoneType' object has no attribute 'close'

Check your database credentials and try again. For more information, visit:
https://docs.getdbt.com/docs/configure-your-profile


[0m20:06:31.401084 [debug] [MainThread]: Resource report: {"command_name": "debug", "command_success": false, "command_wall_clock_time": 14.4025545, "process_in_blocks": "158696", "process_kernel_time": 5.1479, "process_mem_max_rss": "374532", "process_out_blocks": "24", "process_user_time": 7.787672}
[0m20:06:31.402265 [debug] [MainThread]: Command `dbt debug` failed at 20:06:31.402119 after 14.40 seconds
[0m20:06:31.402957 [debug] [MainThread]: Sending event: {'category': 'dbt', 'action': 'invocation', 'label': 'end', 'context': [<snowplow_tracker.self_describing_json.SelfDescribingJson object at 0x77e568164ad0>, <snowplow_tracker.self_describing_json.SelfDescribingJson object at 0x77e54a6eb920>, <snowplow_tracker.self_describing_json.SelfDescribingJson object at 0x77e567a146b0>]}
[0m20:06:31.403532 [debug] [MainThread]: Flushing usage events
[0m20:06:31.744860 [debug] [MainThread]: An error was encountered while trying to flush usage events
[0m20:56:44.989251 [debug] [MainThread]: Sending event: {'category': 'dbt', 'action': 'invocation', 'label': 'start', 'context': [<snowplow_tracker.self_describing_json.SelfDescribingJson object at 0x79b1718151e0>, <snowplow_tracker.self_describing_json.SelfDescribingJson object at 0x79b16f4f6290>, <snowplow_tracker.self_describing_json.SelfDescribingJson object at 0x79b16f4f61a0>]}


============================== 20:56:45.001030 | 30dfd25d-930d-4a8c-a58e-4456e913b5c0 ==============================
[0m20:56:45.001030 [info ] [MainThread]: Running with dbt=1.7.0
[0m20:56:45.001649 [debug] [MainThread]: running dbt with arguments {'printer_width': '80', 'indirect_selection': 'eager', 'write_json': 'True', 'log_cache_events': 'False', 'partial_parse': 'True', 'cache_selected_only': 'False', 'warn_error': 'None', 'debug': 'False', 'profiles_dir': '/usr/app', 'log_path': 'logs', 'fail_fast': 'False', 'version_check': 'True', 'use_colors': 'True', 'use_experimental_parser': 'False', 'no_print': 'None', 'quiet': 'False', 'warn_error_options': 'WarnErrorOptions(include=[], exclude=[])', 'introspect': 'True', 'static_parser': 'True', 'invocation_command': 'dbt debug', 'target_path': 'None', 'log_format': 'default', 'send_anonymous_usage_stats': 'True'}
[0m20:56:45.002202 [info ] [MainThread]: dbt version: 1.7.0
[0m20:56:45.002567 [info ] [MainThread]: python version: 3.10.7
[0m20:56:45.003522 [info ] [MainThread]: python path: /usr/local/bin/python
[0m20:56:45.004143 [info ] [MainThread]: os info: Linux-6.8.0-1044-azure-x86_64-with-glibc2.31
[0m20:56:45.644807 [info ] [MainThread]: Using profiles dir at /usr/app
[0m20:56:45.645534 [info ] [MainThread]: Using profiles.yml file at /usr/app/profiles.yml
[0m20:56:45.646131 [info ] [MainThread]: Using dbt_project.yml file at /usr/app/dbt_project.yml
[0m20:56:45.647001 [info ] [MainThread]: adapter type: bigquery
[0m20:56:45.647515 [info ] [MainThread]: adapter version: 1.7.0
[0m20:56:45.648084 [info ] [MainThread]: Configuration:
[0m20:56:45.648549 [info ] [MainThread]:   profiles.yml file [[32mOK found and valid[0m]
[0m20:56:45.649014 [info ] [MainThread]:   dbt_project.yml file [[31mERROR not found[0m]
[0m20:56:45.649493 [info ] [MainThread]: Required dependencies:
[0m20:56:45.650012 [debug] [MainThread]: Executing "git --help"
[0m20:56:45.680848 [debug] [MainThread]: STDOUT: "b"usage: git [--version] [--help] [-C <path>] [-c <name>=<value>]\n           [--exec-path[=<path>]] [--html-path] [--man-path] [--info-path]\n           [-p | --paginate | -P | --no-pager] [--no-replace-objects] [--bare]\n           [--git-dir=<path>] [--work-tree=<path>] [--namespace=<name>]\n           <command> [<args>]\n\nThese are common Git commands used in various situations:\n\nstart a working area (see also: git help tutorial)\n   clone             Clone a repository into a new directory\n   init              Create an empty Git repository or reinitialize an existing one\n\nwork on the current change (see also: git help everyday)\n   add               Add file contents to the index\n   mv                Move or rename a file, a directory, or a symlink\n   restore           Restore working tree files\n   rm                Remove files from the working tree and from the index\n   sparse-checkout   Initialize and modify the sparse-checkout\n\nexamine the history and state (see also: git help revisions)\n   bisect            Use binary search to find the commit that introduced a bug\n   diff              Show changes between commits, commit and working tree, etc\n   grep              Print lines matching a pattern\n   log               Show commit logs\n   show              Show various types of objects\n   status            Show the working tree status\n\ngrow, mark and tweak your common history\n   branch            List, create, or delete branches\n   commit            Record changes to the repository\n   merge             Join two or more development histories together\n   rebase            Reapply commits on top of another base tip\n   reset             Reset current HEAD to the specified state\n   switch            Switch branches\n   tag               Create, list, delete or verify a tag object signed with GPG\n\ncollaborate (see also: git help workflows)\n   fetch             Download objects and refs from another repository\n   pull              Fetch from and integrate with another repository or a local branch\n   push              Update remote refs along with associated objects\n\n'git help -a' and 'git help -g' list available subcommands and some\nconcept guides. See 'git help <command>' or 'git help <concept>'\nto read about a specific subcommand or concept.\nSee 'git help git' for an overview of the system.\n""
[0m20:56:45.681764 [debug] [MainThread]: STDERR: "b''"
[0m20:56:45.682338 [info ] [MainThread]:  - git [[32mOK found[0m]

[0m20:56:45.683681 [info ] [MainThread]: Connection:
[0m20:56:45.684519 [info ] [MainThread]:   method: oauth
[0m20:56:45.687264 [info ] [MainThread]:   database: vital-plating-485118-d8
[0m20:56:45.688496 [info ] [MainThread]:   execution_project: vital-plating-485118-d8
[0m20:56:45.689401 [info ] [MainThread]:   schema: zoomcamp
[0m20:56:45.691502 [info ] [MainThread]:   location: US
[0m20:56:45.692665 [info ] [MainThread]:   priority: interactive
[0m20:56:45.693572 [info ] [MainThread]:   maximum_bytes_billed: None
[0m20:56:45.694764 [info ] [MainThread]:   impersonate_service_account: None
[0m20:56:45.696157 [info ] [MainThread]:   job_retry_deadline_seconds: None
[0m20:56:45.697502 [info ] [MainThread]:   job_retries: 1
[0m20:56:45.698341 [info ] [MainThread]:   job_creation_timeout_seconds: None
[0m20:56:45.699844 [info ] [MainThread]:   job_execution_timeout_seconds: 300
[0m20:56:45.701251 [info ] [MainThread]:   keyfile: None
[0m20:56:45.702693 [info ] [MainThread]:   timeout_seconds: 300
[0m20:56:45.703490 [info ] [MainThread]:   refresh_token: None
[0m20:56:45.704154 [info ] [MainThread]:   client_id: None
[0m20:56:45.704937 [info ] [MainThread]:   token_uri: None
[0m20:56:45.705782 [info ] [MainThread]:   dataproc_region: None
[0m20:56:45.706451 [info ] [MainThread]:   dataproc_cluster_name: None
[0m20:56:45.707151 [info ] [MainThread]:   gcs_bucket: None
[0m20:56:45.708032 [info ] [MainThread]:   dataproc_batch: None
[0m20:56:45.708935 [info ] [MainThread]: Registered adapter: bigquery=1.7.0
[0m20:56:45.710075 [debug] [MainThread]: Acquiring new bigquery connection 'debug'
[0m20:56:45.710646 [debug] [MainThread]: Opening a new connection, currently in state init
[0m20:56:45.715086 [debug] [MainThread]: On debug: select 1 as id
[0m20:56:46.651988 [debug] [MainThread]: BigQuery adapter: https://console.cloud.google.com/bigquery?project=vital-plating-485118-d8&j=bq:US:f32753c9-41d3-4a48-8181-9ba37a918281&page=queryresults
[0m20:56:47.095897 [info ] [MainThread]:   Connection test: [[32mOK connection ok[0m]

[0m20:56:47.096499 [info ] [MainThread]: [31m1 check failed:[0m
[0m20:56:47.097346 [info ] [MainThread]: Project loading failed for the following reason:
 project path </usr/app/dbt_project.yml> not found

[0m20:56:47.099541 [debug] [MainThread]: Resource report: {"command_name": "debug", "command_wall_clock_time": 2.1642947, "process_user_time": 2.503329, "process_kernel_time": 0.241141, "process_mem_max_rss": "118108", "process_in_blocks": "28368", "process_out_blocks": "680", "command_success": false}
[0m20:56:47.100307 [debug] [MainThread]: Command `dbt debug` failed at 20:56:47.100137 after 2.17 seconds
[0m20:56:47.100772 [debug] [MainThread]: Connection 'debug' was properly closed.
[0m20:56:47.101238 [debug] [MainThread]: Sending event: {'category': 'dbt', 'action': 'invocation', 'label': 'end', 'context': [<snowplow_tracker.self_describing_json.SelfDescribingJson object at 0x79b1718151e0>, <snowplow_tracker.self_describing_json.SelfDescribingJson object at 0x79b16e17e0b0>, <snowplow_tracker.self_describing_json.SelfDescribingJson object at 0x79b16dc2c700>]}
[0m20:56:47.101811 [debug] [MainThread]: Flushing usage events
